INFO: system started
DEBUG: initializing modules
INFO: modules initialized successfully
WARNING: low disk space
ERROR: failed to connect to database
INFO: system shutdown initiated
2026-05-03 10:01:25,329 - INFO - system started
2026-05-03 10:01:25,330 - DEBUG - initializing modules
2026-05-03 10:01:25,331 - INFO - modules initialized successfully
2026-05-03 10:01:25,332 - WARNING - low disk space
2026-05-03 10:01:25,333 - ERROR - failed to connect to database
2026-05-03 10:01:25,334 - INFO - system shutdown initiated
2026-05-03 10:01:48,364 - INFO - system started
2026-05-03 10:01:48,365 - DEBUG - initializing modules
2026-05-03 10:01:48,367 - INFO - modules initialized successfully
2026-05-03 10:01:48,367 - WARNING - low disk space
2026-05-03 10:01:48,400 - ERROR - failed to connect to database
2026-05-03 10:01:48,401 - INFO - system shutdown initiated
2026-05-03 10:01:57,167 - INFO - system started
2026-05-03 10:01:57,168 - DEBUG - initializing modules
2026-05-03 10:01:57,169 - INFO - modules initialized successfully
2026-05-03 10:01:57,170 - WARNING - low disk space
2026-05-03 10:01:57,172 - ERROR - failed to connect to database
2026-05-03 10:01:57,173 - INFO - system shutdown initiated
